mimac15-8@mimac15-8 ~ % sudo nmap -sS 172.16.0.231
Password:
Starting Nmap 7.93 ( https://nmap.org ) at 2022-11-19 16:20 MSK
Nmap scan report for 172.16.0.231
Host is up (0.00016s latency).
Not shown: 977 closed tcp ports (reset)
PORT     STATE SERVICE
21/tcp   open  ftp
22/tcp   open  ssh
23/tcp   open  telnet
25/tcp   open  smtp
53/tcp   open  domain
80/tcp   open  http
111/tcp  open  rpcbind
139/tcp  open  netbios-ssn
445/tcp  open  microsoft-ds
512/tcp  open  exec
513/tcp  open  login
514/tcp  open  shell
1099/tcp open  rmiregistry
1524/tcp open  ingreslock
2049/tcp open  nfs
2121/tcp open  ccproxy-ftp
3306/tcp open  mysql
5432/tcp open  postgresql
5900/tcp open  vnc
6000/tcp open  X11
6667/tcp open  irc
8009/tcp open  ajp13
8180/tcp open  unknown
MAC Address: 08:00:27:04:96:E0 (Oracle VirtualBox virtual NIC)

Nmap done: 1 IP address (1 host up) scanned in 0.08 seconds
mimac15-8@mimac15-8 ~ % sudo nmap -sU 172.16.0.231
Starting Nmap 7.93 ( https://nmap.org ) at 2022-11-19 16:23 MSK
Stats: 0:07:45 elapsed; 0 hosts completed (1 up), 1 undergoing UDP Scan
UDP Scan Timing: About 45.56% done; ETC: 16:40 (0:09:17 remaining)
Stats: 0:10:18 elapsed; 0 hosts completed (1 up), 1 undergoing UDP Scan
UDP Scan Timing: About 59.77% done; ETC: 16:40 (0:06:56 remaining)
Stats: 0:13:55 elapsed; 0 hosts completed (1 up), 1 undergoing UDP Scan
UDP Scan Timing: About 80.71% done; ETC: 16:40 (0:03:20 remaining)
Nmap scan report for 172.16.0.231
Host is up (0.00040s latency).
Not shown: 993 closed udp ports (port-unreach)
PORT     STATE         SERVICE
53/udp   open          domain
68/udp   open|filtered dhcpc
69/udp   open|filtered tftp
111/udp  open          rpcbind
137/udp  open          netbios-ns
138/udp  open|filtered netbios-dgm
2049/udp open          nfs
MAC Address: 08:00:27:04:96:E0 (Oracle VirtualBox virtual NIC)

Nmap done: 1 IP address (1 host up) scanned in 1072.63 seconds
mimac15-8@mimac15-8 ~ % sudo nmap -b anonymous:anonymous@172.16.0.231
Password:
Hint: if your bounce scan target hosts aren't reachable from here, remember to use -Pn so we don't try and ping them prior to the scan
Starting Nmap 7.93 ( https://nmap.org ) at 2022-11-19 19:03 MSK
WARNING: No targets were specified, so 0 hosts scanned.
Nmap done: 0 IP addresses (0 hosts up) scanned in 0.02 seconds
mimac15-8@mimac15-8 ~ % sudo nmap -b anonymous:anonymous@172.16.0.231:139
Hint: if your bounce scan target hosts aren't reachable from here, remember to use -Pn so we don't try and ping them prior to the scan
Starting Nmap 7.93 ( https://nmap.org ) at 2022-11-19 19:03 MSK
WARNING: No targets were specified, so 0 hosts scanned.
Nmap done: 0 IP addresses (0 hosts up) scanned in 0.03 seconds
mimac15-8@mimac15-8 ~ % sudo nmap -b anonymous:anonymous@172.16.0.231:21 
Hint: if your bounce scan target hosts aren't reachable from here, remember to use -Pn so we don't try and ping them prior to the scan
Starting Nmap 7.93 ( https://nmap.org ) at 2022-11-19 19:03 MSK
WARNING: No targets were specified, so 0 hosts scanned.
Nmap done: 0 IP addresses (0 hosts up) scanned in 0.03 seconds
mimac15-8@mimac15-8 ~ % sudo nmap -b anonymous:anonymous@172.16.0.231:2121
Hint: if your bounce scan target hosts aren't reachable from here, remember to use -Pn so we don't try and ping them prior to the scan
Starting Nmap 7.93 ( https://nmap.org ) at 2022-11-19 19:04 MSK
WARNING: No targets were specified, so 0 hosts scanned.
Nmap done: 0 IP addresses (0 hosts up) scanned in 0.03 seconds
mimac15-8@mimac15-8 ~ % ping 172.16.0.231                                 
PING 172.16.0.231 (172.16.0.231): 56 data bytes
64 bytes from 172.16.0.231: icmp_seq=0 ttl=64 time=0.430 ms
64 bytes from 172.16.0.231: icmp_seq=1 ttl=64 time=0.296 ms
^C
--- 172.16.0.231 ping statistics ---
2 packets transmitted, 2 packets received, 0.0% packet loss
round-trip min/avg/max/stddev = 0.296/0.363/0.430/0.067 ms
mimac15-8@mimac15-8 ~ % sudo nmap -b guest:guest@172.16.0.231:2121
Hint: if your bounce scan target hosts aren't reachable from here, remember to use -Pn so we don't try and ping them prior to the scan
Starting Nmap 7.93 ( https://nmap.org ) at 2022-11-19 19:04 MSK
WARNING: No targets were specified, so 0 hosts scanned.
Nmap done: 0 IP addresses (0 hosts up) scanned in 0.03 seconds
mimac15-8@mimac15-8 ~ % sudo nmap -PN                             
Starting Nmap 7.93 ( https://nmap.org ) at 2022-11-19 19:05 MSK
WARNING: No targets were specified, so 0 hosts scanned.
Nmap done: 0 IP addresses (0 hosts up) scanned in 0.03 seconds
mimac15-8@mimac15-8 ~ % sudo nmap -Pn
Starting Nmap 7.93 ( https://nmap.org ) at 2022-11-19 19:05 MSK
WARNING: No targets were specified, so 0 hosts scanned.
Nmap done: 0 IP addresses (0 hosts up) scanned in 0.03 seconds
mimac15-8@mimac15-8 ~ % sudo nmap -Pn 172.16.0.231
Starting Nmap 7.93 ( https://nmap.org ) at 2022-11-19 19:05 MSK
Nmap scan report for 172.16.0.231
Host is up (0.000065s latency).
Not shown: 977 closed tcp ports (reset)
PORT     STATE SERVICE
21/tcp   open  ftp
22/tcp   open  ssh
23/tcp   open  telnet
25/tcp   open  smtp
53/tcp   open  domain
80/tcp   open  http
111/tcp  open  rpcbind
139/tcp  open  netbios-ssn
445/tcp  open  microsoft-ds
512/tcp  open  exec
513/tcp  open  login
514/tcp  open  shell
1099/tcp open  rmiregistry
1524/tcp open  ingreslock
2049/tcp open  nfs
2121/tcp open  ccproxy-ftp
3306/tcp open  mysql
5432/tcp open  postgresql
5900/tcp open  vnc
6000/tcp open  X11
6667/tcp open  irc
8009/tcp open  ajp13
8180/tcp open  unknown
MAC Address: 08:00:27:04:96:E0 (Oracle VirtualBox virtual NIC)

Nmap done: 1 IP address (1 host up) scanned in 0.09 seconds
mimac15-8@mimac15-8 ~ % sudo nmap -b guest:guest@172.16.0.231:21  
Hint: if your bounce scan target hosts aren't reachable from here, remember to use -Pn so we don't try and ping them prior to the scan
Starting Nmap 7.93 ( https://nmap.org ) at 2022-11-19 19:05 MSK
WARNING: No targets were specified, so 0 hosts scanned.
Nmap done: 0 IP addresses (0 hosts up) scanned in 0.03 seconds
mimac15-8@mimac15-8 ~ % sudo nmap -b ftp://guest:guest@172.16.0.231:21
Hint: if your bounce scan target hosts aren't reachable from here, remember to use -Pn so we don't try and ping them prior to the scan
Starting Nmap 7.93 ( https://nmap.org ) at 2022-11-19 19:06 MSK
WARNING: No targets were specified, so 0 hosts scanned.
Nmap done: 0 IP addresses (0 hosts up) scanned in 0.03 seconds
mimac15-8@mimac15-8 ~ % sudo nmap -b ftp://172.16.0.231:21 
Hint: if your bounce scan target hosts aren't reachable from here, remember to use -Pn so we don't try and ping them prior to the scan
Starting Nmap 7.93 ( https://nmap.org ) at 2022-11-19 19:06 MSK
Failed to resolve FTP bounce proxy hostname/IP: ftp
QUITTING!
mimac15-8@mimac15-8 ~ % sudo nmap -b ftp://172.16.0.231:21
Hint: if your bounce scan target hosts aren't reachable from here, remember to use -Pn so we don't try and ping them prior to the scan
Starting Nmap 7.93 ( https://nmap.org ) at 2022-11-19 19:11 MSK
Failed to resolve FTP bounce proxy hostname/IP: ftp
QUITTING!
mimac15-8@mimac15-8 ~ % sudo nmap -sN 172.16.0.231                  
Password:
Starting Nmap 7.93 ( https://nmap.org ) at 2022-11-19 19:25 MSK
Nmap scan report for 172.16.0.231
Host is up (0.00027s latency).
Not shown: 977 closed tcp ports (reset)
PORT     STATE         SERVICE
21/tcp   open|filtered ftp
22/tcp   open|filtered ssh
23/tcp   open|filtered telnet
25/tcp   open|filtered smtp
53/tcp   open|filtered domain
80/tcp   open|filtered http
111/tcp  open|filtered rpcbind
139/tcp  open|filtered netbios-ssn
445/tcp  open|filtered microsoft-ds
512/tcp  open|filtered exec
513/tcp  open|filtered login
514/tcp  open|filtered shell
1099/tcp open|filtered rmiregistry
1524/tcp open|filtered ingreslock
2049/tcp open|filtered nfs
2121/tcp open|filtered ccproxy-ftp
3306/tcp open|filtered mysql
5432/tcp open|filtered postgresql
5900/tcp open|filtered vnc
6000/tcp open|filtered X11
6667/tcp open|filtered irc
8009/tcp open|filtered ajp13
8180/tcp open|filtered unknown
MAC Address: 08:00:27:04:96:E0 (Oracle VirtualBox virtual NIC)

Nmap done: 1 IP address (1 host up) scanned in 1.57 seconds
mimac15-8@mimac15-8 ~ % sudo nmap -sN 172.16.0.231
Password:
Starting Nmap 7.93 ( https://nmap.org ) at 2022-11-19 20:24 MSK
Nmap scan report for 172.16.0.231
Host is up (0.00017s latency).
Not shown: 977 closed tcp ports (reset)
PORT     STATE         SERVICE
21/tcp   open|filtered ftp
22/tcp   open|filtered ssh
23/tcp   open|filtered telnet
25/tcp   open|filtered smtp
53/tcp   open|filtered domain
80/tcp   open|filtered http
111/tcp  open|filtered rpcbind
139/tcp  open|filtered netbios-ssn
445/tcp  open|filtered microsoft-ds
512/tcp  open|filtered exec
513/tcp  open|filtered login
514/tcp  open|filtered shell
1099/tcp open|filtered rmiregistry
1524/tcp open|filtered ingreslock
2049/tcp open|filtered nfs
2121/tcp open|filtered ccproxy-ftp
3306/tcp open|filtered mysql
5432/tcp open|filtered postgresql
5900/tcp open|filtered vnc
6000/tcp open|filtered X11
6667/tcp open|filtered irc
8009/tcp open|filtered ajp13
8180/tcp open|filtered unknown
MAC Address: 08:00:27:04:96:E0 (Oracle VirtualBox virtual NIC)

Nmap done: 1 IP address (1 host up) scanned in 1.58 seconds
mimac15-8@mimac15-8 ~ % sudo nmap -sX 172.16.0.231
Starting Nmap 7.93 ( https://nmap.org ) at 2022-11-19 20:24 MSK
Nmap scan report for 172.16.0.231
Host is up (0.00038s latency).
Not shown: 977 closed tcp ports (reset)
PORT     STATE         SERVICE
21/tcp   open|filtered ftp
22/tcp   open|filtered ssh
23/tcp   open|filtered telnet
25/tcp   open|filtered smtp
53/tcp   open|filtered domain
80/tcp   open|filtered http
111/tcp  open|filtered rpcbind
139/tcp  open|filtered netbios-ssn
445/tcp  open|filtered microsoft-ds
512/tcp  open|filtered exec
513/tcp  open|filtered login
514/tcp  open|filtered shell
1099/tcp open|filtered rmiregistry
1524/tcp open|filtered ingreslock
2049/tcp open|filtered nfs
2121/tcp open|filtered ccproxy-ftp
3306/tcp open|filtered mysql
5432/tcp open|filtered postgresql
5900/tcp open|filtered vnc
6000/tcp open|filtered X11
6667/tcp open|filtered irc
8009/tcp open|filtered ajp13
8180/tcp open|filtered unknown
MAC Address: 08:00:27:04:96:E0 (Oracle VirtualBox virtual NIC)

Nmap done: 1 IP address (1 host up) scanned in 1.58 seconds
mimac15-8@mimac15-8 ~ % 
